// Jest Snapshot v1, https://goo.gl/fbAQLP

exports[`models/eslint/add_dependencies should match the snapshot when input an expected style 1`] = `
Object {
  "devDependencies": Object {
    "eslint": "^5.6.0",
    "eslint-config-standard": "^12.0.0",
    "eslint-plugin-import": "^2.14.0",
    "eslint-plugin-node": "^7.0.1",
    "eslint-plugin-promise": "^4.0.1",
    "eslint-plugin-standard": "^4.0.0",
  },
}
`;
